[0/1] Re-running CMake...
-- Configuring done (0.1s)
-- Generating done (0.0s)
-- Build files have been written to: /Users/ryan/Developer/medal-cross-platform/build-macos-20260925
[1/16] Building OBJCXX object native/backends/macos/CMakeFiles/native_port_macos_api_probe.dir/api_surface_probe.mm.o
[2/16] Building OBJCXX object native/backends/macos/CMakeFiles/native_port_macos_hotkey_event_pump_probe.dir/hotkey_event_pump_probe.mm.o
[3/16] Building OBJCXX object native/backends/macos/CMakeFiles/native_port_macos_audio_mix_graph_probe.dir/audio_mix_graph_probe.mm.o
In file included from /Users/ryan/Developer/medal-cross-platform/native/backends/macos/audio_mix_graph_probe.mm:2:
/Users/ryan/Developer/medal-cross-platform/native/backends/macos/mp4_writer_probe.mm:238:20: warning: unused function 'encode_audio' [-Wunused-function]
  238 | [[nodiscard]] bool encode_audio(
      |                    ^~~~~~~~~~~~
/Users/ryan/Developer/medal-cross-platform/native/backends/macos/mp4_writer_probe.mm:273:27: warning: unused function 'readable_sample_count' [-Wunused-function]
  273 | [[nodiscard]] std::size_t readable_sample_count(NSURL* url, AVMediaType type) {
      |                           ^~~~~~~~~~~~~~~~~~~~~
2 warnings generated.
[4/16] Linking CXX executable native/backends/macos/native_port_macos_api_probe
[5/16] Building OBJCXX object native/backends/macos/CMakeFiles/native_port_macos_adapter.dir/platform_adapter.mm.o
[6/16] Linking OBJCXX static library native/backends/macos/libnative_port_macos_adapter.a
[7/16] Linking CXX executable native/backends/macos/native_port_macos_mp4_writer_probe
[8/16] Linking CXX executable native/backends/macos/native_port_macos_hotkey_event_pump_probe
[9/16] Linking CXX executable native/backends/macos/native_port_macos_audio_process_registry_probe
[10/16] Linking CXX executable native/backends/macos/native_port_macos_audio_process_registry_tests
[11/16] Linking CXX executable native/backends/macos/native_port_macos_audio_mix_graph_probe
[12/16] Building CXX object native/tests/CMakeFiles/native_port_core_tests.dir/core_tests.cpp.o
[13/16] Linking CXX executable native/tests/native_port_core_tests
[14/16] Building CXX object native/helper/CMakeFiles/native_medal_recorder.dir/main.cpp.o
[15/16] Linking CXX executable native/helper/native_medal_recorder.app/Contents/MacOS/native_medal_recorder; Signing the stable Native Medal Recorder development identity
/Users/ryan/Developer/medal-cross-platform/build-macos-20260925/native/helper/native_medal_recorder.app: replacing existing signature
/Users/ryan/Developer/medal-cross-platform/build-macos-20260925/native/helper/native_medal_recorder.app: valid on disk
/Users/ryan/Developer/medal-cross-platform/build-macos-20260925/native/helper/native_medal_recorder.app: satisfies its Designated Requirement
