[native-port] Electron 43.2.0, ABI 148, arm64
Launching live application...
Discovered writable path: /Users/ryan/Developer/medal-cross-platform/artifacts/profiles/m1-db/store
Discovered writable path: /Users/ryan/Developer/medal-cross-platform/artifacts/native-client/current/.updates
Skip creating MedalOverlay class - OS is not Windows!
[09/18 02:07:39][electron 43.2.0][production/2637.461.1/0.0.1][PENDING] [Main] [INFO] [RecorderHandler2] [debug-env] NODE_ENV=production isDev=false MEDAL_ENCODER_EXE=(unset)
[09/18 02:07:39][electron 43.2.0][production/2637.461.1/0.0.1][PENDING] [Main] [INFO] [MedalApp] Configuring hardware acceleration...
[09/18 02:07:39][electron 43.2.0][production/2637.461.1/0.0.1][PENDING] [Main] [INFO] [AppUpdater] Not an updatable install (packed locally, or running from source), skipping update checks
[09/18 02:07:39][electron 43.2.0][production/2637.461.1/0.0.1][PENDING] [Main] [INFO] [Main] startup phase (whenReady → bootstrapAuthObjectFromGuestDB) took 167ms
[09/18 02:07:39][electron 43.2.0][production/2637.461.1/0.0.1][PENDING] [Main] [INFO] [Telemetry] track "DesktopStartupPhase" [main]
[09/18 02:07:39][electron 43.2.0][production/2637.461.1/0.0.1][PENDING] [Main] [INFO] Creating LaunchDarkly Client with key: 8fc3db69-7f7b-4c5d-a131-f8f7e22dcda3
(node:9591) [DEP0169] DeprecationWarning: `url.parse()` behavior is not standardized and prone to errors that have security implications. Use the WHATWG URL API instead. CVEs are not issued for `url.parse()` vulnerabilities.
(Use `Electron --trace-deprecation ...` to show where the warning was created)
info: [LaunchDarkly] LaunchDarkly client initialized
info: [LaunchDarkly] Opening stream connection to <redacted-launchdarkly-context>
[09/18 02:07:39][electron 43.2.0][production/2637.461.1/0.0.1][PENDING] [Main] [WARN] [Main] auto-launch: shouldStartHidden=false, argv=/Users/ryan/Developer/medal-cross-platform/packages/native-deps/node_modules/electron/dist/Electron.app/Contents/MacOS/Electron /Users/ryan/Developer/medal-cross-platform/artifacts/native-client/current --enable-logging=stderr
[09/18 02:07:39][electron 43.2.0][production/2637.461.1/0.0.1][PENDING] [Main] [INFO] [MedalApp] Starting app...
[09/18 02:07:39][electron 43.2.0][production/2637.461.1/0.0.1][PENDING] [Main] [INFO] [MedalApp] Ensuring fs integrity...
[09/18 02:07:39][electron 43.2.0][production/2637.461.1/0.0.1][PENDING] [Main] [INFO] [shortcut] Skipping shortcut creation, using local environment or non-windows environment
[09/18 02:07:39][electron 43.2.0][production/2637.461.1/0.0.1][PENDING] [Main] [INFO] [MedalApp] Loaded remote configs...
[09/18 02:07:39][electron 43.2.0][production/2637.461.1/0.0.1][PENDING] [Main] [INFO] [InstallUtils] App is an existing install
[09/18 02:07:39][electron 43.2.0][production/2637.461.1/0.0.1][pending] [Main] [INFO] [MedalApp] Electron initialized...
[09/18 02:07:39][electron 43.2.0][production/2637.461.1/0.0.1][pending] [Main] [INFO] [MedalApp] Tray menu initialized...
[09/18 02:07:39][electron 43.2.0][production/2637.461.1/0.0.1][pending] [Main] [INFO] [MedalApp] Initializing main window...
Starting medal renderer using renderer.min.html file
[09/18 02:07:39][electron 43.2.0][production/2637.461.1/0.0.1][pending] [Main] [INFO] [PowerMonitor] Subscribed to PowerMonitor events
[09/18 02:07:40][electron 43.2.0][production/2637.461.1/0.0.1][pending] [Main] [INFO] [NetworkStatus] Network status event: online
[09/18 02:07:40][electron 43.2.0][production/2637.461.1/0.0.1][pending] [Main] [INFO] [NetworkStatus] Network status updated: online
[09/18 02:07:40][electron 43.2.0][production/2637.461.1/0.0.1][online] [Main] [INFO] [MedalApp] Window is ready to show
[09/18 02:07:40][electron 43.2.0][production/2637.461.1/0.0.1][online] [Main] [INFO] [MedalApp] Main window ready!
[09/18 02:07:40][electron 43.2.0][production/2637.461.1/0.0.1][online] [Main] [INFO] [DiscordBridge] Connecting to Discord RPC...
[09/18 02:07:40][electron 43.2.0][production/2637.461.1/0.0.1][online] [Main] [INFO] [MedalApp] Window is within valid bounds of at least one display
[09/18 02:07:40][electron 43.2.0][production/2637.461.1/0.0.1][online] [Main] [INFO] [MedalApp] Window is ready to show.
[09/18 02:07:40][electron 43.2.0][production/2637.461.1/0.0.1][online] [Main] [INFO] [MedalApp] Finished starting up, time taken: 0.542s
[09/18 02:07:40][electron 43.2.0][production/2637.461.1/0.0.1][online] [Main] [INFO] [MedalApp] Window is within valid bounds of at least one display
[09/18 02:07:40][electron 43.2.0][production/2637.461.1/0.0.1][online] [Main] [INFO] [MedalApp] Building application menu...
[09/18 02:07:40][electron 43.2.0][production/2637.461.1/0.0.1][online] [Main] [INFO] [RecorderHandler2] recorder port assigned: 10603
[09/18 02:07:40][electron 43.2.0][production/2637.461.1/0.0.1][online] [Main] [INFO] [32mWebSocket server started[39m
[09/18 02:07:40][electron 43.2.0][production/2637.461.1/0.0.1][online] [Main] [INFO] [RecorderComms] Started recorder WS server on 127.0.0.1:10603
[09/18 02:07:40][electron 43.2.0][production/2637.461.1/0.0.1][online] [Main] [INFO] local plugin API listening on 127.0.0.1:26905
[9591:0918/140740.249884:INFO:CONSOLE:1] "No `HydrateFallback` element provided to render during initial hydration", source: file:///Users/ryan/Developer/medal-cross-platform/artifacts/native-client/current/chunks/renderer-url.js (1)
[9591:0918/140740.251590:INFO:CONSOLE:2] "%cElectron Security Warning (Insecure Content-Security-Policy) font-weight: bold; This renderer process has either no Content Security
  Policy set or a policy with "unsafe-eval" enabled. This exposes users of
  this app to unnecessary security risks.

For more information and help, consult
https://electronjs.org/docs/tutorial/security.
This warning will not show up
once the app is packaged.", source: node:electron/js2c/sandbox_bundle (2)
[9591:0918/140740.277369:ERROR:net/cert/internal/trust_store_mac.cc:807] Error parsing certificate:
ERROR: GeneralNames is a sequence of 0 elements
ERROR: Failed parsing subjectAltName

[9591:0918/140740.277388:ERROR:net/cert/internal/trust_store_mac.cc:807] Error parsing certificate:
ERROR: GeneralNames is a sequence of 0 elements
ERROR: Failed parsing subjectAltName

[09/18 02:07:40][electron 43.2.0][production/2637.461.1/0.0.1][online] [Renderer:main] [WARN] [UserStore] User not yet authenticated
[09/18 02:07:40][electron 43.2.0][production/2637.461.1/0.0.1][online] [Renderer:main] [WARN] [UserStore] Potentially unexpected user response during hydration: null
[09/18 02:07:40][electron 43.2.0][production/2637.461.1/0.0.1][online] [Main] [INFO] [Telemetry] track "Onboarding Sign Up With Screen Viewed" [ipc]
[9591:0918/140740.386602:INFO:CONSOLE:2] "401 response from url: api-v2.medal.tv/users/@me/targeting?include=demographic", source: file:///Users/ryan/Developer/medal-cross-platform/artifacts/native-client/current/chunks/renderer-refs.js (2)
[9591:0918/140740.386647:INFO:CONSOLE:347] "Error fetching user birthdate on app start Unauthorized", source: file:///Users/ryan/Developer/medal-cross-platform/artifacts/native-client/current/renderer.min.js (347)
[09/18 02:07:45][electron 43.2.0][production/2637.461.1/0.0.1][online] [Main] [INFO] [DiscordBridge] Connected to Discord RPC!
[09/18 02:07:49][electron 43.2.0][production/2637.461.1/0.0.1][online] [Main] [WARN] [33mWS notification "settings" timed out[39m
[09/18 02:07:50][electron 43.2.0][production/2637.461.1/0.0.1][online] [Main] [WARN] [33mWS notification "settings" timed out[39m
Attempting to quit app...
[09/18 02:07:52][electron 43.2.0][production/2637.461.1/0.0.1][online] [Main] [INFO] [Telemetry] track "App Quit" [main]
[09/18 02:07:52][electron 43.2.0][production/2637.461.1/0.0.1][online] [Main] [INFO] [MedalApp] Preparing to quit...
[09/18 02:07:52][electron 43.2.0][production/2637.461.1/0.0.1][online] [Main] [INFO] [MedalApp] [Quit 2] Saving main window bounds...
[09/18 02:07:52][electron 43.2.0][production/2637.461.1/0.0.1][online] [Main] [INFO] [MedalApp] Executing background tasks before quit...
[09/18 02:07:52][electron 43.2.0][production/2637.461.1/0.0.1][online] [Main] [INFO] [MedalApp] [Quit 3] Ending game session
[09/18 02:07:52][electron 43.2.0][production/2637.461.1/0.0.1][online] [Main] [INFO] [MedalApp] [Quit 3] Clearing server game state
[09/18 02:07:52][electron 43.2.0][production/2637.461.1/0.0.1][online] [Main] [INFO] [MedalApp] [Quit 4] Killing record + shutting down API
[09/18 02:07:52][electron 43.2.0][production/2637.461.1/0.0.1][online] [Main] [INFO] [RecorderHandler2] recorder state: inactive -> inactive
[09/18 02:07:52][electron 43.2.0][production/2637.461.1/0.0.1][online] [Main] [INFO] [RecorderHandler2] Signaling shutdown for the recorder...
info: [LaunchDarkly] Closing stream connection
(node:9591) [DEP0190] DeprecationWarning: Passing args to a child process with shell option true can lead to security vulnerabilities, as the arguments are not escaped, only concatenated.
Checked for external discord clips. New clips found: 0. Total discord clips: 0. Time spent: 3ms.
steam clips not found — recorder may not be installed: QUERY command exited with code 127:

/bin/sh: REG: command not found
Checked for external shadowPlay clips. New clips found: 0. Total shadowPlay clips: 0. Time spent: 5ms.
[09/18 02:08:02][electron 43.2.0][production/2637.461.1/0.0.1][online] [Main] [WARN] [33mWS notification "shutdown" timed out[39m
[09/18 02:08:02][electron 43.2.0][production/2637.461.1/0.0.1][online] [Main] [ERROR] database worker failed: Error: database worker exited with code 1
