[native-port] Electron 43.2.0, ABI 148, arm64
Launching live application...
Discovered writable path: /Users/ryan/Developer/medal-cross-platform/artifacts/test-profiles/m3.5-hotkey-h264-system-audio-fixed/store
Discovered writable path: /Users/ryan/Developer/medal-cross-platform/artifacts/macos-development-app/versions/2637.461.1-development-m3.5-5e022c7f1ff36708/Medal.app/Contents/Resources/app/.updates
Skip creating MedalOverlay class - OS is not Windows!
[09/19 12:09:53][electron 43.2.0][production/2637.461.1/0.0.1][PENDING] [Main] [INFO] [RecorderHandler2] [debug-env] NODE_ENV=production isDev=false MEDAL_ENCODER_EXE=(unset)
[09/19 12:09:53][electron 43.2.0][production/2637.461.1/0.0.1][PENDING] [Main] [INFO] [MedalApp] Configuring hardware acceleration...
[09/19 12:09:53][electron 43.2.0][production/2637.461.1/0.0.1][PENDING] [Main] [INFO] [AppUpdater] Not an updatable install (packed locally, or running from source), skipping update checks
[09/19 12:09:53][electron 43.2.0][production/2637.461.1/0.0.1][PENDING] [Main] [INFO] [Main] startup phase (whenReady → bootstrapAuthObjectFromGuestDB) took 195ms
[09/19 12:09:53][electron 43.2.0][production/2637.461.1/0.0.1][PENDING] [Main] [INFO] [Telemetry] track "DesktopStartupPhase" [main]
[09/19 12:09:53][electron 43.2.0][production/2637.461.1/0.0.1][PENDING] [Main] [INFO] Creating LaunchDarkly Client (context redacted)
(node:18282) [DEP0169] DeprecationWarning: `url.parse()` behavior is not standardized and prone to errors that have security implications. Use the WHATWG URL API instead. CVEs are not issued for `url.parse()` vulnerabilities.
(Use `Electron --trace-deprecation ...` to show where the warning was created)
info: [LaunchDarkly] LaunchDarkly client initialized
info: [LaunchDarkly] Opening stream connection (URL redacted)
[09/19 12:09:53][electron 43.2.0][production/2637.461.1/0.0.1][PENDING] [Main] [WARN] [Main] auto-launch: shouldStartHidden=false, argv=/Users/ryan/Developer/medal-cross-platform/artifacts/macos-development-app/versions/2637.461.1-development-m3.5-5e022c7f1ff36708/Medal.app/Contents/MacOS/Electron
[09/19 12:09:53][electron 43.2.0][production/2637.461.1/0.0.1][PENDING] [Main] [INFO] [MedalApp] Starting app...
[09/19 12:09:53][electron 43.2.0][production/2637.461.1/0.0.1][PENDING] [Main] [INFO] [MedalApp] Ensuring fs integrity...
[09/19 12:09:53][electron 43.2.0][production/2637.461.1/0.0.1][PENDING] [Main] [INFO] [shortcut] Skipping shortcut creation, using local environment or non-windows environment
[09/19 12:09:53][electron 43.2.0][production/2637.461.1/0.0.1][PENDING] [Main] [INFO] [MedalApp] Loaded remote configs...
[09/19 12:09:53][electron 43.2.0][production/2637.461.1/0.0.1][PENDING] [Main] [INFO] [InstallUtils] App is an existing install
[09/19 12:09:53][electron 43.2.0][production/2637.461.1/0.0.1][pending] [Main] [INFO] [MedalApp] Electron initialized...
[09/19 12:09:53][electron 43.2.0][production/2637.461.1/0.0.1][pending] [Main] [INFO] [MedalApp] Tray menu initialized...
[09/19 12:09:53][electron 43.2.0][production/2637.461.1/0.0.1][pending] [Main] [INFO] [MedalApp] Initializing main window...
Starting medal renderer using renderer.min.html file
[09/19 12:09:54][electron 43.2.0][production/2637.461.1/0.0.1][pending] [Main] [INFO] [PowerMonitor] Subscribed to PowerMonitor events
[09/19 12:09:54][electron 43.2.0][production/2637.461.1/0.0.1][pending] [Main] [INFO] [NetworkStatus] Network status event: online
[09/19 12:09:54][electron 43.2.0][production/2637.461.1/0.0.1][pending] [Main] [INFO] [NetworkStatus] Network status updated: online
[09/19 12:09:54][electron 43.2.0][production/2637.461.1/0.0.1][online] [Main] [INFO] [MedalApp] Window is ready to show
[09/19 12:09:54][electron 43.2.0][production/2637.461.1/0.0.1][online] [Main] [INFO] [MedalApp] Main window ready!
[09/19 12:09:54][electron 43.2.0][production/2637.461.1/0.0.1][online] [Main] [INFO] [DiscordBridge] Connecting to Discord RPC...
[09/19 12:09:54][electron 43.2.0][production/2637.461.1/0.0.1][online] [Main] [INFO] [MedalApp] Window is within valid bounds of at least one display
[09/19 12:09:54][electron 43.2.0][production/2637.461.1/0.0.1][online] [Main] [INFO] [MedalApp] Window is ready to show.
[09/19 12:09:54][electron 43.2.0][production/2637.461.1/0.0.1][online] [Main] [INFO] [MedalApp] Finished starting up, time taken: 0.913s
[09/19 12:09:54][electron 43.2.0][production/2637.461.1/0.0.1][online] [Main] [INFO] [MedalApp] Window is within valid bounds of at least one display
[09/19 12:09:54][electron 43.2.0][production/2637.461.1/0.0.1][online] [Main] [INFO] [MedalApp] Building application menu...
[09/19 12:09:54][electron 43.2.0][production/2637.461.1/0.0.1][online] [Main] [INFO] [RecorderHandler2] recorder port assigned: 10603
[09/19 12:09:54][electron 43.2.0][production/2637.461.1/0.0.1][online] [Main] [INFO] [32mWebSocket server started[39m
[09/19 12:09:54][electron 43.2.0][production/2637.461.1/0.0.1][online] [Main] [INFO] [RecorderComms] Started recorder WS server on 127.0.0.1:10603
[09/19 12:09:54][electron 43.2.0][production/2637.461.1/0.0.1][online] [Main] [INFO] local plugin API listening on 127.0.0.1:26905
[09/19 12:09:54][electron 43.2.0][production/2637.461.1/0.0.1][online] [Main] [INFO] [RecorderHandler2] recorder state: inactive -> running
[09/19 12:09:54][electron 43.2.0][production/2637.461.1/0.0.1][online] [Main] [INFO] [DiscordBridge] Connected to Discord RPC!
[18282:0919/000954.521716:ERROR:net/cert/internal/trust_store_mac.cc:807] Error parsing certificate:
ERROR: GeneralNames is a sequence of 0 elements
ERROR: Failed parsing subjectAltName

[18282:0919/000954.521733:ERROR:net/cert/internal/trust_store_mac.cc:807] Error parsing certificate:
ERROR: GeneralNames is a sequence of 0 elements
ERROR: Failed parsing subjectAltName

[09/19 12:09:54][electron 43.2.0][production/2637.461.1/0.0.1][online] [Renderer:main] [WARN] [UserStore] User not yet authenticated
[09/19 12:09:54][electron 43.2.0][production/2637.461.1/0.0.1][online] [Renderer:main] [WARN] [UserStore] Potentially unexpected user response during hydration: null
[09/19 12:09:54][electron 43.2.0][production/2637.461.1/0.0.1][online] [Main] [INFO] [34mWebSocket client connected[39m
[09/19 12:09:54][electron 43.2.0][production/2637.461.1/0.0.1][online] [Main] [INFO] [Telemetry] track "Onboarding Sign Up With Screen Viewed" [ipc]
[09/19 12:09:54][electron 43.2.0][production/2637.461.1/0.0.1][online] [Main] [INFO] [90mWebSocket message received: request handshake id=native-port:handshake payload=redacted[39m
[09/19 12:09:54][electron 43.2.0][production/2637.461.1/0.0.1][online] [Main] [INFO] [90mWebSocket message received: request recordingReady id=native-port:ready payload=redacted[39m
[09/19 12:09:54][electron 43.2.0][production/2637.461.1/0.0.1][online] [Main] [INFO] [RecorderHandler2] recorder state: running -> ready
[09/19 12:09:54][electron 43.2.0][production/2637.461.1/0.0.1][online] [Main] [INFO] [90mWebSocket message received: request setKV id=native-port:displays payload=redacted[39m
[09/19 12:09:54][electron 43.2.0][production/2637.461.1/0.0.1][online] [Main] [INFO] setting activeDisplays (3 items)
[09/19 12:09:54][electron 43.2.0][production/2637.461.1/0.0.1][online] [Main] [INFO] [90mWebSocket message received: request setKV id=native-port:mics payload=redacted[39m
[09/19 12:09:54][electron 43.2.0][production/2637.461.1/0.0.1][online] [Main] [INFO] setting micDevices (12 items)
[09/19 12:09:54][electron 43.2.0][production/2637.461.1/0.0.1][online] [Main] [INFO] [90mWebSocket message received: request setKV id=native-port:audio payload=redacted[39m
[09/19 12:09:54][electron 43.2.0][production/2637.461.1/0.0.1][online] [Main] [INFO] setting gameDevices (14 items)
[09/19 12:09:54][electron 43.2.0][production/2637.461.1/0.0.1][online] [Main] [INFO] [90mWebSocket message received: request setKV id=native-port:gpu-devices payload=redacted[39m
[09/19 12:09:54][electron 43.2.0][production/2637.461.1/0.0.1][online] [Main] [INFO] setting gpuDevices (1 items)
[09/19 12:09:54][electron 43.2.0][production/2637.461.1/0.0.1][online] [Main] [INFO] [90mWebSocket message received: request setKV id=native-port:gpu-codecs payload=redacted[39m
[09/19 12:09:54][electron 43.2.0][production/2637.461.1/0.0.1][online] [Main] [INFO] setting gpuCodecs (value present)
[09/19 12:09:54][electron 43.2.0][production/2637.461.1/0.0.1][online] [Main] [INFO] [90mWebSocket message received: request setKV id=native-port:encoder-options payload=redacted[39m
[09/19 12:09:54][electron 43.2.0][production/2637.461.1/0.0.1][online] [Main] [INFO] setting encoderOptions (1 items)
[09/19 12:09:54][electron 43.2.0][production/2637.461.1/0.0.1][online] [Main] [INFO] [90mWebSocket message received: request setKV id=native-port:capabilities payload=redacted[39m
[09/19 12:09:54][electron 43.2.0][production/2637.461.1/0.0.1][online] [Main] [INFO] setting nativePort.capabilities (value present)
[09/19 12:09:55][electron 43.2.0][production/2637.461.1/0.0.1][online] [Main] [INFO] [Telemetry] track "App Quit" [main]
[09/19 12:09:55][electron 43.2.0][production/2637.461.1/0.0.1][online] [Main] [INFO] [MedalApp] Preparing to quit...
[09/19 12:09:55][electron 43.2.0][production/2637.461.1/0.0.1][online] [Main] [INFO] [MedalApp] [Quit 2] Saving main window bounds...
[09/19 12:09:55][electron 43.2.0][production/2637.461.1/0.0.1][online] [Main] [INFO] [MedalApp] Executing background tasks before quit...
[09/19 12:09:55][electron 43.2.0][production/2637.461.1/0.0.1][online] [Main] [INFO] [MedalApp] [Quit 3] Ending game session
[09/19 12:09:55][electron 43.2.0][production/2637.461.1/0.0.1][online] [Main] [INFO] [MedalApp] [Quit 3] Clearing server game state
[09/19 12:09:55][electron 43.2.0][production/2637.461.1/0.0.1][online] [Main] [INFO] [MedalApp] [Quit 4] Killing record + shutting down API
[09/19 12:09:55][electron 43.2.0][production/2637.461.1/0.0.1][online] [Main] [INFO] [RecorderHandler2] recorder state: ready -> inactive
[09/19 12:09:55][electron 43.2.0][production/2637.461.1/0.0.1][online] [Main] [INFO] [RecorderHandler2] Signaling shutdown for the recorder...
[09/19 12:09:55][electron 43.2.0][production/2637.461.1/0.0.1][online] [Main] [INFO] [90mWebSocket request sent: method=shutdown id=notification payload=redacted[39m
info: [LaunchDarkly] Closing stream connection
[09/19 12:09:55][electron 43.2.0][production/2637.461.1/0.0.1][online] [Main] [INFO] [33mWebSocket client disconnected with code: 1000, reason: shutdown[39m
[09/19 12:09:55][electron 43.2.0][production/2637.461.1/0.0.1][online] [Main] [INFO] [34mRecorder initiated self-exit[39m
[09/19 12:09:56][electron 43.2.0][production/2637.461.1/0.0.1][online] [Main] [INFO] [RecorderHandler2] recorder state: inactive -> inactive
[09/19 12:09:56][electron 43.2.0][production/2637.461.1/0.0.1][online] [Main] [INFO] [RecorderHandler2] native recorder exited with code: 0
[09/19 12:09:56][electron 43.2.0][production/2637.461.1/0.0.1][online] [Main] [INFO] [RecorderHandler2] recorder kill selfExit
[09/19 12:09:56][electron 43.2.0][production/2637.461.1/0.0.1][online] [Main] [INFO] [Telemetry] track "recorderKill" [main]
[09/19 12:09:56][electron 43.2.0][production/2637.461.1/0.0.1][online] [Main] [INFO] [RecorderHandler2] recorder state: inactive -> inactive
[09/19 12:09:56][electron 43.2.0][production/2637.461.1/0.0.1][online] [Main] [INFO] [MedalApp] [Quit 5] Flushing telemetry...
[09/19 12:09:56][electron 43.2.0][production/2637.461.1/0.0.1][online] [Main] [INFO] [MedalApp] Executed background tasks!
[09/19 12:09:56][electron 43.2.0][production/2637.461.1/0.0.1][online] [Main] [INFO] [MedalApp] Closing windows...
[09/19 12:09:56][electron 43.2.0][production/2637.461.1/0.0.1][online] [Main] [INFO] [MedalApp] Destroying main window
[09/19 12:09:56][electron 43.2.0][production/2637.461.1/0.0.1][online] [Main] [INFO] [MedalApp] quit done in 287 ms
before-quit completed, safely quitting now
