--prepared:/Applications/Medal.app/Contents/Frameworks/Electron Helper (Renderer).app
--prepared:/Applications/Medal.app/Contents/Frameworks/Electron Helper (GPU).app
--validated:/Applications/Medal.app/Contents/Frameworks/Electron Helper (Renderer).app
--prepared:/Applications/Medal.app/Contents/Frameworks/Electron Helper (Plugin).app
--validated:/Applications/Medal.app/Contents/Frameworks/Electron Helper (GPU).app
--prepared:/Applications/Medal.app/Contents/Frameworks/Electron Helper.app
--validated:/Applications/Medal.app/Contents/Frameworks/Electron Helper (Plugin).app
--validated:/Applications/Medal.app/Contents/Frameworks/Electron Helper.app
--prepared:/Applications/Medal.app/Contents/Frameworks/ReactiveObjC.framework/Versions/Current/.
--prepared:/Applications/Medal.app/Contents/Frameworks/Squirrel.framework/Versions/Current/.
--prepared:/Applications/Medal.app/Contents/Frameworks/Mantle.framework/Versions/Current/.
--validated:/Applications/Medal.app/Contents/Frameworks/ReactiveObjC.framework/Versions/Current/.
--validated:/Applications/Medal.app/Contents/Frameworks/Squirrel.framework/Versions/Current/.
--validated:/Applications/Medal.app/Contents/Frameworks/Mantle.framework/Versions/Current/.
--prepared:/Applications/Medal.app/Contents/Frameworks/Electron Framework.framework/Versions/Current/.
--prepared:/Applications/Medal.app/Contents/Frameworks/Electron Framework.framework/Versions/Current/Helpers/chrome_crashpad_handler
--validated:/Applications/Medal.app/Contents/Frameworks/Electron Framework.framework/Versions/Current/Helpers/chrome_crashpad_handler
--validated:/Applications/Medal.app/Contents/Frameworks/Electron Framework.framework/Versions/Current/.
/Applications/Medal.app: valid on disk
/Applications/Medal.app: satisfies its Designated Requirement
